src/controllers/menuController.ts(32,59): error TS2339: Property 'recipes' does not exist on type '{ id: number; name: string; description: string; createdAt: Date; updatedAt: Date; categoryId: number; imageUrl: string; sellingPrice: number; isActive: boolean; }'.
src/controllers/menuController.ts(51,59): error TS2339: Property 'recipes' does not exist on type '{ id: number; name: string; description: string; createdAt: Date; updatedAt: Date; categoryId: number; imageUrl: string; sellingPrice: number; isActive: boolean; }'.
src/controllers/recipeController.ts(23,44): error TS2339: Property 'ingredients' does not exist on type '{ id: number; name: string; description: string; createdAt: Date; updatedAt: Date; categoryId: number; servings: number; imageUrl: string; videoUrl: string; sop: string; } | { totalCost: number; ... 12 more ...; sop: string; }'.
  Property 'ingredients' does not exist on type '{ id: number; name: string; description: string; createdAt: Date; updatedAt: Date; categoryId: number; servings: number; imageUrl: string; videoUrl: string; sop: string; }'.
src/controllers/recipeController.ts(33,44): error TS2339: Property 'components' does not exist on type '{ id: number; name: string; description: string; createdAt: Date; updatedAt: Date; categoryId: number; servings: number; imageUrl: string; videoUrl: string; sop: string; } | { totalCost: number; ... 12 more ...; sop: string; }'.
  Property 'components' does not exist on type '{ id: number; name: string; description: string; createdAt: Date; updatedAt: Date; categoryId: number; servings: number; imageUrl: string; videoUrl: string; sop: string; }'.
src/controllers/statsController.ts(12,25): error TS2353: Object literal may only specify known properties, and 'ingredients' does not exist in type 'RecipeInclude<DefaultArgs>'.
src/controllers/statsController.ts(24,42): error TS2339: Property 'ingredients' does not exist on type '{ id: number; name: string; description: string; createdAt: Date; updatedAt: Date; categoryId: number; servings: number; imageUrl: string; videoUrl: string; sop: string; }'.
src/services/authService.ts(84,9): error TS2322: Type '{ email: string; password: string; name: string; verifyToken: string; role: string; }' is not assignable to type '(Without<UserCreateInput, UserUncheckedCreateInput> & UserUncheckedCreateInput) | (Without<...> & UserCreateInput)'.
  Type '{ email: string; password: string; name: string; verifyToken: string; role: string; }' is not assignable to type 'Without<UserUncheckedCreateInput, UserCreateInput> & UserCreateInput'.
    Property 'updatedAt' is missing in type '{ email: string; password: string; name: string; verifyToken: string; role: string; }' but required in type 'UserCreateInput'.
src/services/categoryService.ts(14,31): error TS2561: Object literal may only specify known properties, but 'ingredients' does not exist in type 'CategoryCountOutputTypeSelect<DefaultArgs>'. Did you mean to write 'Ingredient'?
src/services/categoryService.ts(23,13): error TS2322: Type '{ name: string; description: string; }' is not assignable to type '(Without<CategoryCreateInput, CategoryUncheckedCreateInput> & CategoryUncheckedCreateInput) | (Without<...> & CategoryCreateInput)'.
  Type '{ name: string; description: string; }' is not assignable to type 'Without<CategoryUncheckedCreateInput, CategoryCreateInput> & CategoryCreateInput'.
    Property 'updatedAt' is missing in type '{ name: string; description: string; }' but required in type 'CategoryCreateInput'.
src/services/ingredientService.ts(44,17): error TS2561: Object literal may only specify known properties, but 'category' does not exist in type 'IngredientInclude<DefaultArgs>'. Did you mean to write 'Category'?
src/services/ingredientService.ts(64,17): error TS2561: Object literal may only specify known properties, but 'category' does not exist in type 'IngredientInclude<DefaultArgs>'. Did you mean to write 'Category'?
src/services/ingredientService.ts(112,13): error TS2322: Type '{ name: string; purchaseUnit: string; purchasePrice: number; packageSize: number; yieldPercentage: number; usageUnit: string; conversionRate: number; unit: string; pricePerUnit: number; categoryId: number; }' is not assignable to type '(Without<IngredientCreateInput, IngredientUncheckedCreateInput> & IngredientUncheckedCreateInput) | (Without<...> & IngredientCreateInput)'.
  Type '{ name: string; purchaseUnit: string; purchasePrice: number; packageSize: number; yieldPercentage: number; usageUnit: string; conversionRate: number; unit: string; pricePerUnit: number; categoryId: number; }' is not assignable to type 'Without<IngredientUncheckedCreateInput, IngredientCreateInput> & IngredientCreateInput'.
    Type '{ name: string; purchaseUnit: string; purchasePrice: number; packageSize: number; yieldPercentage: number; usageUnit: string; conversionRate: number; unit: string; pricePerUnit: number; categoryId: number; }' is not assignable to type 'Without<IngredientUncheckedCreateInput, IngredientCreateInput>'.
      Types of property 'categoryId' are incompatible.
        Type 'number' is not assignable to type 'never'.
src/services/ingredientService.ts(126,17): error TS2561: Object literal may only specify known properties, but 'category' does not exist in type 'IngredientInclude<DefaultArgs>'. Did you mean to write 'Category'?
src/services/ingredientService.ts(198,17): error TS2561: Object literal may only specify known properties, but 'category' does not exist in type 'IngredientInclude<DefaultArgs>'. Did you mean to write 'Category'?
src/services/menuCategoryService.ts(14,31): error TS2561: Object literal may only specify known properties, but 'menus' does not exist in type 'MenuCategoryCountOutputTypeSelect<DefaultArgs>'. Did you mean to write 'Menu'?
src/services/menuCategoryService.ts(24,17): error TS2561: Object literal may only specify known properties, but 'menus' does not exist in type 'MenuCategoryInclude<DefaultArgs>'. Did you mean to write 'Menu'?
src/services/menuCategoryService.ts(31,13): error TS2322: Type '{ name: string; description: string; }' is not assignable to type '(Without<MenuCategoryCreateInput, MenuCategoryUncheckedCreateInput> & MenuCategoryUncheckedCreateInput) | (Without<...> & MenuCategoryCreateInput)'.
  Type '{ name: string; description: string; }' is not assignable to type 'Without<MenuCategoryUncheckedCreateInput, MenuCategoryCreateInput> & MenuCategoryCreateInput'.
    Property 'updatedAt' is missing in type '{ name: string; description: string; }' but required in type 'MenuCategoryCreateInput'.
src/services/menuService.ts(24,17): error TS2353: Object literal may only specify known properties, and 'category' does not exist in type 'MenuInclude<DefaultArgs>'.
src/services/menuService.ts(43,59): error TS2339: Property 'recipes' does not exist on type '{ id: number; name: string; description: string; createdAt: Date; updatedAt: Date; categoryId: number; imageUrl: string; sellingPrice: number; isActive: boolean; }'.
src/services/menuService.ts(60,17): error TS2353: Object literal may only specify known properties, and 'recipes' does not exist in type 'MenuInclude<DefaultArgs>'.
src/services/menuService.ts(79,34): error TS2339: Property 'recipes' does not exist on type '{ id: number; name: string; description: string; createdAt: Date; updatedAt: Date; categoryId: number; imageUrl: string; sellingPrice: number; isActive: boolean; }'.
src/services/menuService.ts(118,17): error TS2353: Object literal may only specify known properties, and 'recipes' does not exist in type '(Without<MenuCreateInput, MenuUncheckedCreateInput> & MenuUncheckedCreateInput) | (Without<...> & MenuCreateInput)'.
src/services/menuService.ts(126,17): error TS2353: Object literal may only specify known properties, and 'recipes' does not exist in type 'MenuInclude<DefaultArgs>'.
src/services/menuService.ts(161,17): error TS2353: Object literal may only specify known properties, and 'recipes' does not exist in type '(Without<MenuUpdateInput, MenuUncheckedUpdateInput> & MenuUncheckedUpdateInput) | (Without<...> & MenuUpdateInput)'.
src/services/menuService.ts(169,17): error TS2353: Object literal may only specify known properties, and 'recipes' does not exist in type 'MenuInclude<DefaultArgs>'.
src/services/priceHistoryService.ts(20,17): error TS2561: Object literal may only specify known properties, but 'ingredient' does not exist in type 'PriceHistoryInclude<DefaultArgs>'. Did you mean to write 'Ingredient'?
src/services/priceHistoryService.ts(43,17): error TS2561: Object literal may only specify known properties, but 'ingredient' does not exist in type 'PriceHistoryInclude<DefaultArgs>'. Did you mean to write 'Ingredient'?
src/services/priceHistoryService.ts(59,17): error TS2561: Object literal may only specify known properties, but 'ingredient' does not exist in type 'PriceHistoryInclude<DefaultArgs>'. Did you mean to write 'Ingredient'?
src/services/priceHistoryService.ts(88,17): error TS2561: Object literal may only specify known properties, but 'ingredient' does not exist in type 'PriceHistoryInclude<DefaultArgs>'. Did you mean to write 'Ingredient'?
src/services/priceHistoryService.ts(159,17): error TS2561: Object literal may only specify known properties, but 'ingredient' does not exist in type 'PriceHistoryInclude<DefaultArgs>'. Did you mean to write 'Ingredient'?
src/services/priceHistoryService.ts(202,17): error TS2561: Object literal may only specify known properties, but 'category' does not exist in type 'IngredientInclude<DefaultArgs>'. Did you mean to write 'Category'?
src/services/priceHistoryService.ts(212,39): error TS2339: Property 'priceHistory' does not exist on type '{ id: number; name: string; createdAt: Date; updatedAt: Date; purchaseUnit: string; purchasePrice: number; packageSize: number; yieldPercentage: number; usageUnit: string; conversionRate: number; unit: string; pricePerUnit: number; categoryId: number; }'.
src/services/priceHistoryService.ts(219,31): error TS2551: Property 'category' does not exist on type '{ id: number; name: string; createdAt: Date; updatedAt: Date; purchaseUnit: string; purchasePrice: number; packageSize: number; yieldPercentage: number; usageUnit: string; conversionRate: number; unit: string; pricePerUnit: number; categoryId: number; }'. Did you mean 'categoryId'?
src/services/priceHistoryService.ts(225,34): error TS2339: Property 'priceHistory' does not exist on type '{ id: number; name: string; createdAt: Date; updatedAt: Date; purchaseUnit: string; purchasePrice: number; packageSize: number; yieldPercentage: number; usageUnit: string; conversionRate: number; unit: string; pricePerUnit: number; categoryId: number; }'.
src/services/priceHistoryService.ts(226,35): error TS2339: Property 'priceHistory' does not exist on type '{ id: number; name: string; createdAt: Date; updatedAt: Date; purchaseUnit: string; purchasePrice: number; packageSize: number; yieldPercentage: number; usageUnit: string; conversionRate: number; unit: string; pricePerUnit: number; categoryId: number; }'.
src/services/recipeCategoryService.ts(14,31): error TS2561: Object literal may only specify known properties, but 'recipes' does not exist in type 'RecipeCategoryCountOutputTypeSelect<DefaultArgs>'. Did you mean to write 'Recipe'?
src/services/recipeCategoryService.ts(24,17): error TS2561: Object literal may only specify known properties, but 'recipes' does not exist in type 'RecipeCategoryInclude<DefaultArgs>'. Did you mean to write 'Recipe'?
src/services/recipeCategoryService.ts(31,13): error TS2322: Type '{ name: string; description: string; }' is not assignable to type '(Without<RecipeCategoryCreateInput, RecipeCategoryUncheckedCreateInput> & RecipeCategoryUncheckedCreateInput) | (Without<...> & RecipeCategoryCreateInput)'.
  Type '{ name: string; description: string; }' is not assignable to type 'Without<RecipeCategoryUncheckedCreateInput, RecipeCategoryCreateInput> & RecipeCategoryCreateInput'.
    Property 'updatedAt' is missing in type '{ name: string; description: string; }' but required in type 'RecipeCategoryCreateInput'.
src/services/recipeService.ts(62,17): error TS2353: Object literal may only specify known properties, and 'category' does not exist in type 'RecipeInclude<DefaultArgs>'.
src/services/recipeService.ts(103,17): error TS2353: Object literal may only specify known properties, and 'category' does not exist in type 'RecipeInclude<DefaultArgs>'.
src/services/recipeService.ts(135,44): error TS2339: Property 'ingredients' does not exist on type '{ id: number; name: string; description: string; createdAt: Date; updatedAt: Date; categoryId: number; servings: number; imageUrl: string; videoUrl: string; sop: string; }'.
src/services/recipeService.ts(145,62): error TS2339: Property 'components' does not exist on type '{ id: number; name: string; description: string; createdAt: Date; updatedAt: Date; categoryId: number; servings: number; imageUrl: string; videoUrl: string; sop: string; }'.
src/services/recipeService.ts(186,17): error TS2353: Object literal may only specify known properties, and 'ingredients' does not exist in type 'RecipeSelect<DefaultArgs>'.
src/services/recipeService.ts(196,38): error TS2339: Property 'ingredients' does not exist on type '{ id: number; name: string; description: string; createdAt: Date; updatedAt: Date; categoryId: number; servings: number; imageUrl: string; videoUrl: string; sop: string; }'.
src/services/recipeService.ts(222,17): error TS2353: Object literal may only specify known properties, and 'ingredients' does not exist in type '(Without<RecipeCreateInput, RecipeUncheckedCreateInput> & RecipeUncheckedCreateInput) | (Without<...> & RecipeCreateInput)'.
src/services/recipeService.ts(236,17): error TS2353: Object literal may only specify known properties, and 'ingredients' does not exist in type 'RecipeInclude<DefaultArgs>'.
src/services/recipeService.ts(280,17): error TS2353: Object literal may only specify known properties, and 'ingredients' does not exist in type '(Without<RecipeUpdateInput, RecipeUncheckedUpdateInput> & RecipeUncheckedUpdateInput) | (Without<...> & RecipeUpdateInput)'.
src/services/recipeService.ts(294,17): error TS2353: Object literal may only specify known properties, and 'ingredients' does not exist in type 'RecipeInclude<DefaultArgs>'.
src/services/unitMasterService.ts(124,13): error TS2322: Type '{ name: string; label: string; group: string; baseValue: number; isBaseUnit: boolean; isPurchaseUnit: boolean; isUsageUnit: boolean; description: string; }' is not assignable to type '(Without<UnitCreateInput, UnitUncheckedCreateInput> & UnitUncheckedCreateInput) | (Without<...> & UnitCreateInput)'.
  Type '{ name: string; label: string; group: string; baseValue: number; isBaseUnit: boolean; isPurchaseUnit: boolean; isUsageUnit: boolean; description: string; }' is not assignable to type 'Without<UnitUncheckedCreateInput, UnitCreateInput> & UnitCreateInput'.
    Property 'updatedAt' is missing in type '{ name: string; label: string; group: string; baseValue: number; isBaseUnit: boolean; isPurchaseUnit: boolean; isUsageUnit: boolean; description: string; }' but required in type 'UnitCreateInput'.
src/services/unitMasterService.ts(176,17): error TS2322: Type '{ name: string; label: string; group: string; baseValue: number; isBaseUnit: boolean; isPurchaseUnit: boolean; isUsageUnit: boolean; description: string; }' is not assignable to type '(Without<UnitCreateInput, UnitUncheckedCreateInput> & UnitUncheckedCreateInput) | (Without<...> & UnitCreateInput)'.
  Type '{ name: string; label: string; group: string; baseValue: number; isBaseUnit: boolean; isPurchaseUnit: boolean; isUsageUnit: boolean; description: string; }' is not assignable to type 'Without<UnitUncheckedCreateInput, UnitCreateInput> & UnitCreateInput'.
    Property 'updatedAt' is missing in type '{ name: string; label: string; group: string; baseValue: number; isBaseUnit: boolean; isPurchaseUnit: boolean; isUsageUnit: boolean; description: string; }' but required in type 'UnitCreateInput'.
